// Jest Snapshot v1, https://goo.gl/fbAQLP

exports[`QuoterV2 quotes #quoteExactInput 0 -> 2 -> 1 1`] = `336828`;

exports[`QuoterV2 quotes #quoteExactInput 0 -> 2 cross 0 tick, starting tick initialized 1`] = `155743`;

exports[`QuoterV2 quotes #quoteExactInput 0 -> 2 cross 0 tick, starting tick not initialized 1`] = `132838`;

exports[`QuoterV2 quotes #quoteExactInput 0 -> 2 cross 1 tick 1`] = `176994`;

exports[`QuoterV2 quotes #quoteExactInput 0 -> 2 cross 2 tick 1`] = `214973`;

exports[`QuoterV2 quotes #quoteExactInput 0 -> 2 cross 2 tick where after is initialized 1`] = `177032`;

exports[`QuoterV2 quotes #quoteExactInput 2 -> 0 cross 0 tick, starting tick initialized 1`] = `129184`;

exports[`QuoterV2 quotes #quoteExactInput 2 -> 0 cross 0 tick, starting tick not initialized 1`] = `125284`;

exports[`QuoterV2 quotes #quoteExactInput 2 -> 0 cross 2 1`] = `207409`;

exports[`QuoterV2 quotes #quoteExactInput 2 -> 0 cross 2 where tick after is initialized 1`] = `207417`;

exports[`QuoterV2 quotes #quoteExactInput 2 -> 1 1`] = `128859`;

exports[`QuoterV2 quotes #quoteExactInputSingle 0 -> 2 1`] = `214955`;

exports[`QuoterV2 quotes #quoteExactInputSingle 2 -> 0 1`] = `207381`;

exports[`QuoterV2 quotes #quoteExactOutput 0 -> 2 -> 1 1`] = `336428`;

exports[`QuoterV2 quotes #quoteExactOutput 0 -> 2 cross 0 tick starting tick initialized 1`] = `155262`;

exports[`QuoterV2 quotes #quoteExactOutput 0 -> 2 cross 0 tick starting tick not initialized 1`] = `132377`;

exports[`QuoterV2 quotes #quoteExactOutput 0 -> 2 cross 1 tick 1`] = `176244`;

exports[`QuoterV2 quotes #quoteExactOutput 0 -> 2 cross 2 tick 1`] = `213979`;

exports[`QuoterV2 quotes #quoteExactOutput 0 -> 2 cross 2 where tick after is initialized 1`] = `176282`;

exports[`QuoterV2 quotes #quoteExactOutput 2 -> 0 cross 1 tick 1`] = `169788`;

exports[`QuoterV2 quotes #quoteExactOutput 2 -> 0 cross 2 ticks 1`] = `207515`;

exports[`QuoterV2 quotes #quoteExactOutput 2 -> 0 cross 2 where tick after is initialized 1`] = `207509`;

exports[`QuoterV2 quotes #quoteExactOutput 2 -> 1 1`] = `129436`;

exports[`QuoterV2 quotes #quoteExactOutputSingle 0 -> 1 1`] = `137058`;

exports[`QuoterV2 quotes #quoteExactOutputSingle 1 -> 0 1`] = `130041`;
