// Jest Snapshot v1, https://goo.gl/fbAQLP

exports[`QuoterV2 quotes #quoteExactInput 0 -> 2 -> 1 1`] = `336866`;

exports[`QuoterV2 quotes #quoteExactInput 0 -> 2 cross 0 tick, starting tick initialized 1`] = `155762`;

exports[`QuoterV2 quotes #quoteExactInput 0 -> 2 cross 0 tick, starting tick not initialized 1`] = `132857`;

exports[`QuoterV2 quotes #quoteExactInput 0 -> 2 cross 1 tick 1`] = `177013`;

exports[`QuoterV2 quotes #quoteExactInput 0 -> 2 cross 2 tick 1`] = `214992`;

exports[`QuoterV2 quotes #quoteExactInput 0 -> 2 cross 2 tick where after is initialized 1`] = `177051`;

exports[`QuoterV2 quotes #quoteExactInput 2 -> 0 cross 0 tick, starting tick initialized 1`] = `129203`;

exports[`QuoterV2 quotes #quoteExactInput 2 -> 0 cross 0 tick, starting tick not initialized 1`] = `125303`;

exports[`QuoterV2 quotes #quoteExactInput 2 -> 0 cross 2 1`] = `207428`;

exports[`QuoterV2 quotes #quoteExactInput 2 -> 0 cross 2 where tick after is initialized 1`] = `207436`;

exports[`QuoterV2 quotes #quoteExactInput 2 -> 1 1`] = `128878`;

exports[`QuoterV2 quotes #quoteExactInputSingle 0 -> 2 1`] = `214974`;

exports[`QuoterV2 quotes #quoteExactInputSingle 2 -> 0 1`] = `207400`;

exports[`QuoterV2 quotes #quoteExactOutput 0 -> 2 -> 1 1`] = `336466`;

exports[`QuoterV2 quotes #quoteExactOutput 0 -> 2 cross 0 tick starting tick initialized 1`] = `155281`;

exports[`QuoterV2 quotes #quoteExactOutput 0 -> 2 cross 0 tick starting tick not initialized 1`] = `132396`;

exports[`QuoterV2 quotes #quoteExactOutput 0 -> 2 cross 1 tick 1`] = `176263`;

exports[`QuoterV2 quotes #quoteExactOutput 0 -> 2 cross 2 tick 1`] = `213998`;

exports[`QuoterV2 quotes #quoteExactOutput 0 -> 2 cross 2 where tick after is initialized 1`] = `176301`;

exports[`QuoterV2 quotes #quoteExactOutput 2 -> 0 cross 1 tick 1`] = `169807`;

exports[`QuoterV2 quotes #quoteExactOutput 2 -> 0 cross 2 ticks 1`] = `207534`;

exports[`QuoterV2 quotes #quoteExactOutput 2 -> 0 cross 2 where tick after is initialized 1`] = `207528`;

exports[`QuoterV2 quotes #quoteExactOutput 2 -> 1 1`] = `129455`;

exports[`QuoterV2 quotes #quoteExactOutputSingle 0 -> 1 1`] = `137077`;

exports[`QuoterV2 quotes #quoteExactOutputSingle 1 -> 0 1`] = `130060`;
